C51 COMPILER V9.60.0.0   TIMER                                                             04/17/2023 16:55:02 PAGE 1   


C51 COMPILER V9.60.0.0, COMPILATION OF MODULE TIMER
OBJECT MODULE PLACED IN ..\Objects\timer.obj
COMPILER INVOKED BY: D:\Keil_v5\C51\BIN\C51.EXE ..\Modules\timer.c OPTIMIZE(8,SPEED) BROWSE INCDIR(..\System;..\Modules;
                    -..\User) DEBUG OBJECTEXTEND PRINT(..\Listings\timer.lst) OBJECT(..\Objects\timer.obj)

line level    source

   1          #include "timer.h"
   2          #include "pwm.h"
   3          #include "power.h"
   4          
   5          
   6          u32 TimeStamp;
   7          
   8          void Timer0_Init(u16 us) {
   9   1          u16 temp = 0;
  10   1          temp = FOSC / us / 12;
  11   1          temp = 65536ul - temp;
  12   1          TL0 = temp;
  13   1          TH0 = temp >> 8;
  14   1          ET0 = 1;
  15   1          EA = 1;
  16   1          TR0 = 1;
  17   1      }
  18          
  19          void Timer0_Int(void) interrupt 1 {
  20   1          static u16 delayer = 0;
  21   1          static u8 savePowerDelayer = 0;
  22   1          if (delayer >= 1000) {
  23   2              delayer = 0;
  24   2              TimeStamp++;
  25   2              if (PWM0_Value == 0 && PWM1_Value == 0) {
  26   3                  savePowerDelayer++;
  27   3                  if (savePowerDelayer >= 3) {
  28   4                      savePowerDelayer = 0;
  29   4                      SavePower();
  30   4                  }
  31   3              } else savePowerDelayer = 0;
  32   2          }
  33   1          delayer++;
  34   1      }


MODULE INFORMATION:   STATIC OVERLAYABLE
   CODE SIZE        =    180    ----
   CONSTANT SIZE    =   ----    ----
   XDATA SIZE       =   ----    ----
   PDATA SIZE       =   ----    ----
   DATA SIZE        =      7    ----
   IDATA SIZE       =   ----    ----
   BIT SIZE         =   ----    ----
END OF MODULE INFORMATION.


C51 COMPILATION COMPLETE.  0 WARNING(S),  0 ERROR(S)
